apiVersion: rbac.authorization.k8s.io/v1
kind: ClusterRoleBinding
metadata:
  annotations: {}
  labels:
    app.kubernetes.io/component: appuio-cloud
    app.kubernetes.io/managed-by: commodore
    app.kubernetes.io/name: appuio-cloud
    name: appuio-ns-provisioners
  name: appuio-ns-provisioners
roleRef:
  apiGroup: rbac.authorization.k8s.io
  kind: ClusterRole
  name: appuio-ns-provisioner
subjects:
  - kind: Group
    name: system:authenticated:oauth
