apiVersion: rbac.authorization.k8s.io/v1
kind: ClusterRole
metadata:
  annotations: {}
  labels:
    app.kubernetes.io/component: appuio-cloud
    app.kubernetes.io/managed-by: commodore
    app.kubernetes.io/name: appuio-cloud
    name: appuio-edit-reserved-namespaces
  name: appuio:edit-reserved-namespaces
rules: []
