apiVersion: kyverno.io/v1
kind: ClusterPolicy
metadata:
  annotations: {}
  labels:
    app.kubernetes.io/component: appuio-cloud
    app.kubernetes.io/managed-by: commodore
    app.kubernetes.io/name: appuio-cloud
    name: organization-projects
  name: organization-projects
spec:
  background: false
  rules:
    - context:
        - apiCall:
            jmesPath: '@'
            urlPath: /apis/user.openshift.io/v1/users/{{request.object.metadata.annotations."openshift.io/requester"}}
          name: ocpuser
      exclude: {}
      match:
        all:
          - resources:
              annotations:
                openshift.io/requester: ?*
              kinds:
                - Project
      mutate:
        patchStrategicMerge:
          metadata:
            labels:
              +(appuio.io/organization): '{{ocpuser.metadata.annotations."appuio.io/default-organization"}}'
      name: set-default-organization
      preconditions: {}
  validationFailureAction: enforce
