apiVersion: kyverno.io/v1
kind: ClusterPolicy
metadata:
  annotations:
    pod-policies.kyverno.io/autogen-controllers: none
  labels:
    app.kubernetes.io/component: appuio-cloud
    app.kubernetes.io/managed-by: commodore
    app.kubernetes.io/name: appuio-cloud
    name: validate-namespace-metadata
  name: validate-namespace-metadata
spec:
  background: false
  rules:
    - exclude:
        clusterRoles:
          - cluster-admin
          - cluster-image-registry-operator
          - cluster-node-tuning-operator
          - kyverno:generatecontroller
          - kyverno:policycontroller
          - multus-admission-controller-webhook
          - openshift-dns-operator
          - openshift-ingress-operator
          - syn-admin
          - syn-argocd-application-controller
          - syn-argocd-server
          - syn-resource-locker-namespace-default-manager
          - syn-resource-locker-namespace-openshift-monitoring-manager
          - system:controller:generic-garbage-collector
          - system:controller:operator-lifecycle-manager
          - system:master
          - system:openshift:controller:namespace-security-allocation-controller
        roles: []
        subjects:
          - kind: ServiceAccount
            name: argocd-application-controller
            namespace: argocd
      match:
        all:
          - resources:
              kinds:
                - Namespace
      name: validate-labels
      preconditions:
        all:
          - key: '{{request.operation}}'
            operator: In
            value:
              - CREATE
              - UPDATE
      validate:
        foreach:
          - deny:
              conditions:
                all:
                  - key: '{{request.object.metadata.labels."{{element.key}}" != request.oldObject.metadata.labels."{{element.key}}"}}'
                    operator: Equals
                    value: true
                  - key: '{{regex_match(`"^appuio.io/organization$"`, `"{{element.key}}"`)
                      || regex_match(`"^custom.appuio.io/.*$"`, `"{{element.key}}"`)
                      || regex_match(`"^kubernetes.io/metadata.name$"`, `"{{element.key}}"`)
                      || regex_match(`"^network-policies.syn.tools/no-defaults$"`,
                      `"{{element.key}}"`) || regex_match(`"^network-policies.syn.tools/purge-defaults$"`,
                      `"{{element.key}}"`) || regex_match(`"^test.appuio.io/.*$"`,
                      `"{{element.key}}"`) || regex_match(`"^compute.test.appuio.io/cpu$"`,
                      `"{{element.key}}"`)}}'
                    operator: Equals
                    value: false
            list: 'request.object&& merge(    not_null(request.object.metadata.labels,
              `{}`)   ,not_null(request.oldObject.metadata.labels, `{}`))  | map(&{key:
              @}, keys(@))'
        message: "The following labels can be modified:\n    appuio.io/organization,\
          \ custom.appuio.io/*, kubernetes.io/metadata.name, network-policies.syn.tools/no-defaults,\
          \ network-policies.syn.tools/purge-defaults, test.appuio.io/*, compute.test.appuio.io/cpu.\n\
          labels given:\n    {{request.object.metadata.labels}}.\nlabels before modification:\n\
          \    {{request.oldObject.metadata.labels}}."
    - exclude:
        clusterRoles:
          - cluster-admin
          - cluster-image-registry-operator
          - cluster-node-tuning-operator
          - kyverno:generatecontroller
          - kyverno:policycontroller
          - multus-admission-controller-webhook
          - openshift-dns-operator
          - openshift-ingress-operator
          - syn-admin
          - syn-argocd-application-controller
          - syn-argocd-server
          - syn-resource-locker-namespace-default-manager
          - syn-resource-locker-namespace-openshift-monitoring-manager
          - system:controller:generic-garbage-collector
          - system:controller:operator-lifecycle-manager
          - system:master
          - system:openshift:controller:namespace-security-allocation-controller
        roles: []
        subjects:
          - kind: ServiceAccount
            name: argocd-application-controller
            namespace: argocd
      match:
        all:
          - resources:
              kinds:
                - Namespace
      name: validate-annotations
      preconditions:
        all:
          - key: '{{request.operation}}'
            operator: In
            value:
              - CREATE
              - UPDATE
      validate:
        foreach:
          - deny:
              conditions:
                all:
                  - key: '{{request.object.metadata.annotations."{{element.key}}"
                      != request.oldObject.metadata.annotations."{{element.key}}"}}'
                    operator: Equals
                    value: true
                  - key: '{{regex_match(`"^custom.appuio.io/.*$"`, `"{{element.key}}"`)
                      || regex_match(`"^kubectl.kubernetes.io/last-applied-configuration$"`,
                      `"{{element.key}}"`) || regex_match(`"^policies.kyverno.io/last-applied-patches$"`,
                      `"{{element.key}}"`) || regex_match(`"^appuio.io/active-deadline-seconds-override$"`,
                      `"{{element.key}}"`) || regex_match(`"^test.appuio.io/.*$"`,
                      `"{{element.key}}"`) || regex_match(`"^compute.test.appuio.io/cpu$"`,
                      `"{{element.key}}"`)}}'
                    operator: Equals
                    value: false
            list: 'request.object&& merge(    not_null(request.object.metadata.annotations,
              `{}`)   ,not_null(request.oldObject.metadata.annotations, `{}`))  |
              map(&{key: @}, keys(@))'
        message: "The following annotations can be modified:\n    custom.appuio.io/*,\
          \ kubectl.kubernetes.io/last-applied-configuration, policies.kyverno.io/last-applied-patches,\
          \ appuio.io/active-deadline-seconds-override, test.appuio.io/*, compute.test.appuio.io/cpu.\n\
          annotations given:\n    {{request.object.metadata.annotations}}.\nannotations\
          \ before modification:\n    {{request.oldObject.metadata.annotations}}."
  validationFailureAction: enforce
