apiVersion: v1
data:
  namespaceQuota: '50'
kind: ConfigMap
metadata:
  annotations: {}
  labels:
    app.kubernetes.io/component: appuio-cloud
    app.kubernetes.io/managed-by: commodore
    app.kubernetes.io/name: appuio-cloud
    appuio.io/organization: example-company
    name: override-example-company
  name: override-example-company
