apiVersion: config.openshift.io/v1
kind: Project
metadata:
  annotations: {}
  labels:
    name: cluster
  name: cluster
spec:
  projectRequestTemplate:
    name: project-request
---
apiVersion: template.openshift.io/v1
kind: Template
metadata:
  annotations: {}
  labels:
    name: project-request
  name: project-request
  namespace: openshift-config
objects:
  - apiVersion: project.openshift.io/v1
    kind: Project
    metadata:
      annotations:
        openshift.io/description: ${PROJECT_DESCRIPTION}
        openshift.io/display-name: ${PROJECT_DISPLAYNAME}
        openshift.io/requester: ${PROJECT_REQUESTING_USER}
      name: ${PROJECT_NAME}
parameters:
  - name: PROJECT_NAME
  - name: PROJECT_DISPLAYNAME
  - name: PROJECT_DESCRIPTION
  - name: PROJECT_ADMIN_USER
  - name: PROJECT_REQUESTING_USER
