apiVersion: rbac.authorization.k8s.io/v1
kind: ClusterRoleBinding
metadata:
  annotations: {}
  labels:
    name: appuio-cloud-agent
  name: appuio-cloud-agent
roleRef:
  apiGroup: rbac.authorization.k8s.io
  kind: ClusterRole
  name: appuio-cloud-agent
subjects:
  - kind: ServiceAccount
    name: appuio-cloud-agent
    namespace: appuio-cloud
