apiVersion: v1
kind: ServiceAccount
metadata:
  name: appuio-cloud-agent
  namespace: appuio-cloud
