apiVersion: v1
kind: Service
metadata:
  labels:
    control-plane: appuio-cloud-agent
    service: metrics
  name: metrics-service
  namespace: appuio-cloud
spec:
  ports:
    - name: metrics-port
      port: 8080
      protocol: TCP
      targetPort: 8080
  selector:
    control-plane: appuio-cloud-agent
